[2026-09-02 14:00:00,604] ERROR django.request Internal Server Error: /api/accounts/register/
[2026-09-02 14:42:27,821] ERROR django.request Internal Server Error: /api/accounts/register/
[2026-09-04 03:53:40,192] ERROR tria_engine document upload failed
Traceback (most recent call last):
  File "D:\Desktop Files New Projects\Other Project\Site CTMS\TriaNxtEngine-Backend\tria_engine\apps\accounts\router.py", line 964, in document_upload
    document, error = upload_document(
                      ~~~~~~~~~~~~~~~^
        db,
        ^^^
    ...<5 lines>...
        request=_request_meta(request),
        ^^^^^^^^^^^^^^^^^^^^^^^^^^^^^^^
    )
    ^
TypeError: upload_document() takes 0 positional arguments but 1 positional argument (and 6 keyword-only arguments) were given
[2026-09-04 21:36:58,781] ERROR uvicorn.error Exception in ASGI application
Traceback (most recent call last):
  File "C:\Users\Welcome\Desktop\TriaNXT-Updated-Final\TriaNxtEngine-Backend\.venv\Lib\site-packages\sqlalchemy\engine\base.py", line 1969, in _exec_single_context
    self.dialect.do_execute(
    ~~~~~~~~~~~~~~~~~~~~~~~^
        cursor, str_statement, effective_parameters, context
        ^^^^^^^^^^^^^^^^^^^^^^^^^^^^^^^^^^^^^^^^^^^^^^^^^^^^
    )
    ^
  File "C:\Users\Welcome\Desktop\TriaNXT-Updated-Final\TriaNxtEngine-Backend\.venv\Lib\site-packages\sqlalchemy\engine\default.py", line 952, in do_execute
    cursor.execute(statement, parameters)
    ~~~~~~~~~~~~~~^^^^^^^^^^^^^^^^^^^^^^^
sqlite3.OperationalError: no such table: ctms_subject

The above exception was the direct cause of the following exception:

Traceback (most recent call last):
  File "C:\Users\Welcome\Desktop\TriaNXT-Updated-Final\TriaNxtEngine-Backend\.venv\Lib\site-packages\uvicorn\protocols\http\httptools_impl.py", line 422, in run_asgi
    result = await app(  # type: ignore[func-returns-value]
             ^^^^^^^^^^^^^^^^^^^^^^^^^^^^^^^^^^^^^^^^^^^^^^
        self.scope, self.receive, self.send
        ^^^^^^^^^^^^^^^^^^^^^^^^^^^^^^^^^^^
    )
    ^
  File "C:\Users\Welcome\Desktop\TriaNXT-Updated-Final\TriaNxtEngine-Backend\.venv\Lib\site-packages\uvicorn\middleware\proxy_headers.py", line 63, in __call__
    return await self.app(scope, receive, send)
           ^^^^^^^^^^^^^^^^^^^^^^^^^^^^^^^^^^^^
  File "C:\Users\Welcome\Desktop\TriaNXT-Updated-Final\TriaNxtEngine-Backend\.venv\Lib\site-packages\fastapi\applications.py", line 1163, in __call__
    await super().__call__(scope, receive, send)
  File "C:\Users\Welcome\Desktop\TriaNXT-Updated-Final\TriaNxtEngine-Backend\.venv\Lib\site-packages\starlette\applications.py", line 96, in __call__
    await self.middleware_stack(scope, receive, send)
  File "C:\Users\Welcome\Desktop\TriaNXT-Updated-Final\TriaNxtEngine-Backend\.venv\Lib\site-packages\starlette\middleware\errors.py", line 186, in __call__
    raise exc
  File "C:\Users\Welcome\Desktop\TriaNXT-Updated-Final\TriaNxtEngine-Backend\.venv\Lib\site-packages\starlette\middleware\errors.py", line 164, in __call__
    await self.app(scope, receive, _send)
  File "C:\Users\Welcome\Desktop\TriaNXT-Updated-Final\TriaNxtEngine-Backend\tria_engine\core\middleware.py", line 63, in __call__
    await self.app(scope, receive, send)
  File "C:\Users\Welcome\Desktop\TriaNXT-Updated-Final\TriaNxtEngine-Backend\.venv\Lib\site-packages\starlette\middleware\cors.py", line 96, in __call__
    await self.simple_response(scope, receive, send, request_headers=headers)
  File "C:\Users\Welcome\Desktop\TriaNXT-Updated-Final\TriaNxtEngine-Backend\.venv\Lib\site-packages\starlette\middleware\cors.py", line 154, in simple_response
    await self.app(scope, receive, send)
  File "C:\Users\Welcome\Desktop\TriaNXT-Updated-Final\TriaNxtEngine-Backend\.venv\Lib\site-packages\starlette\middleware\exceptions.py", line 63, in __call__
    await wrap_app_handling_exceptions(self.app, conn)(scope, receive, send)
  File "C:\Users\Welcome\Desktop\TriaNXT-Updated-Final\TriaNxtEngine-Backend\.venv\Lib\site-packages\starlette\_exception_handler.py", line 53, in wrapped_app
    raise exc
  File "C:\Users\Welcome\Desktop\TriaNXT-Updated-Final\TriaNxtEngine-Backend\.venv\Lib\site-packages\starlette\_exception_handler.py", line 42, in wrapped_app
    await app(scope, receive, sender)
  File "C:\Users\Welcome\Desktop\TriaNXT-Updated-Final\TriaNxtEngine-Backend\.venv\Lib\site-packages\fastapi\middleware\asyncexitstack.py", line 18, in __call__
    await self.app(scope, receive, send)
  File "C:\Users\Welcome\Desktop\TriaNXT-Updated-Final\TriaNxtEngine-Backend\.venv\Lib\site-packages\starlette\routing.py", line 670, in __call__
    await self.middleware_stack(scope, receive, send)
  File "C:\Users\Welcome\Desktop\TriaNXT-Updated-Final\TriaNxtEngine-Backend\.venv\Lib\site-packages\fastapi\routing.py", line 2734, in app
    await route.handle(scope, receive, send)
  File "C:\Users\Welcome\Desktop\TriaNXT-Updated-Final\TriaNxtEngine-Backend\.venv\Lib\site-packages\fastapi\routing.py", line 1780, in handle
    await self.original_router.handle(scope, receive, send)
  File "C:\Users\Welcome\Desktop\TriaNXT-Updated-Final\TriaNxtEngine-Backend\.venv\Lib\site-packages\fastapi\routing.py", line 2789, in handle
    await included_router._handle_selected(scope, receive, send)
  File "C:\Users\Welcome\Desktop\TriaNXT-Updated-Final\TriaNxtEngine-Backend\.venv\Lib\site-packages\fastapi\routing.py", line 1791, in _handle_selected
    await route.handle(scope, receive, send)
  File "C:\Users\Welcome\Desktop\TriaNXT-Updated-Final\TriaNxtEngine-Backend\.venv\Lib\site-packages\fastapi\routing.py", line 1780, in handle
    await self.original_router.handle(scope, receive, send)
  File "C:\Users\Welcome\Desktop\TriaNXT-Updated-Final\TriaNxtEngine-Backend\.venv\Lib\site-packages\fastapi\routing.py", line 2789, in handle
    await included_router._handle_selected(scope, receive, send)
  File "C:\Users\Welcome\Desktop\TriaNXT-Updated-Final\TriaNxtEngine-Backend\.venv\Lib\site-packages\fastapi\routing.py", line 1800, in _handle_selected
    await original_route.handle(scope, receive, send)
  File "C:\Users\Welcome\Desktop\TriaNXT-Updated-Final\TriaNxtEngine-Backend\.venv\Lib\site-packages\fastapi\routing.py", line 1279, in handle
    await app(scope, receive, send)
  File "C:\Users\Welcome\Desktop\TriaNXT-Updated-Final\TriaNxtEngine-Backend\.venv\Lib\site-packages\fastapi\routing.py", line 158, in app
    await wrap_app_handling_exceptions(app, request)(scope, receive, send)
  File "C:\Users\Welcome\Desktop\TriaNXT-Updated-Final\TriaNxtEngine-Backend\.venv\Lib\site-packages\starlette\_exception_handler.py", line 53, in wrapped_app
    raise exc
  File "C:\Users\Welcome\Desktop\TriaNXT-Updated-Final\TriaNxtEngine-Backend\.venv\Lib\site-packages\starlette\_exception_handler.py", line 42, in wrapped_app
    await app(scope, receive, sender)
  File "C:\Users\Welcome\Desktop\TriaNXT-Updated-Final\TriaNxtEngine-Backend\.venv\Lib\site-packages\fastapi\routing.py", line 144, in app
    response = await f(request)
               ^^^^^^^^^^^^^^^^
  File "C:\Users\Welcome\Desktop\TriaNXT-Updated-Final\TriaNxtEngine-Backend\.venv\Lib\site-packages\fastapi\routing.py", line 706, in app
    raw_response = await run_endpoint_function(
                   ^^^^^^^^^^^^^^^^^^^^^^^^^^^^
    ...<3 lines>...
    )
    ^
  File "C:\Users\Welcome\Desktop\TriaNXT-Updated-Final\TriaNxtEngine-Backend\.venv\Lib\site-packages\fastapi\routing.py", line 354, in run_endpoint_function
    return await run_in_threadpool(dependant.call, **values)
           ^^^^^^^^^^^^^^^^^^^^^^^^^^^^^^^^^^^^^^^^^^^^^^^^^
  File "C:\Users\Welcome\Desktop\TriaNXT-Updated-Final\TriaNxtEngine-Backend\.venv\Lib\site-packages\starlette\concurrency.py", line 34, in run_in_threadpool
    return await anyio.to_thread.run_sync(func)
           ^^^^^^^^^^^^^^^^^^^^^^^^^^^^^^^^^^^^
  File "C:\Users\Welcome\Desktop\TriaNXT-Updated-Final\TriaNxtEngine-Backend\.venv\Lib\site-packages\anyio\to_thread.py", line 65, in run_sync
    return await get_async_backend().run_sync_in_worker_thread(
           ^^^^^^^^^^^^^^^^^^^^^^^^^^^^^^^^^^^^^^^^^^^^^^^^^^^^
        func, args, abandon_on_cancel=abandon_on_cancel, limiter=limiter
        ^^^^^^^^^^^^^^^^^^^^^^^^^^^^^^^^^^^^^^^^^^^^^^^^^^^^^^^^^^^^^^^^
    )
    ^
  File "C:\Users\Welcome\Desktop\TriaNXT-Updated-Final\TriaNxtEngine-Backend\.venv\Lib\site-packages\anyio\_backends\_asyncio.py", line 2706, in run_sync_in_worker_thread
    return await future
           ^^^^^^^^^^^^
  File "C:\Users\Welcome\Desktop\TriaNXT-Updated-Final\TriaNxtEngine-Backend\.venv\Lib\site-packages\anyio\_backends\_asyncio.py", line 1100, in run
    result = context.run(func, *args)
  File "C:\Users\Welcome\Desktop\TriaNXT-Updated-Final\TriaNxtEngine-Backend\tria_engine\apps\ctms\router_subjects.py", line 35, in subject_list
    records = list_records(db, CtmsSubject, user)
  File "C:\Users\Welcome\Desktop\TriaNXT-Updated-Final\TriaNxtEngine-Backend\tria_engine\apps\ctms\common.py", line 225, in list_records
    return [dict(r.data) for r in db.execute(stmt).scalars().all()]
                                  ~~~~~~~~~~^^^^^^
  File "C:\Users\Welcome\Desktop\TriaNXT-Updated-Final\TriaNxtEngine-Backend\.venv\Lib\site-packages\sqlalchemy\orm\session.py", line 2373, in execute
    return self._execute_internal(
           ~~~~~~~~~~~~~~~~~~~~~~^
        statement,
        ^^^^^^^^^^
    ...<4 lines>...
        _add_event=_add_event,
        ^^^^^^^^^^^^^^^^^^^^^^
    )
    ^
  File "C:\Users\Welcome\Desktop\TriaNXT-Updated-Final\TriaNxtEngine-Backend\.venv\Lib\site-packages\sqlalchemy\orm\session.py", line 2271, in _execute_internal
    result: Result[Any] = compile_state_cls.orm_execute_statement(
                          ~~~~~~~~~~~~~~~~~~~~~~~~~~~~~~~~~~~~~~~^
        self,
        ^^^^^
    ...<4 lines>...
        conn,
        ^^^^^
    )
    ^
  File "C:\Users\Welcome\Desktop\TriaNXT-Updated-Final\TriaNxtEngine-Backend\.venv\Lib\site-packages\sqlalchemy\orm\context.py", line 306, in orm_execute_statement
    result = conn.execute(
        statement, params or {}, execution_options=execution_options
    )
  File "C:\Users\Welcome\Desktop\TriaNXT-Updated-Final\TriaNxtEngine-Backend\.venv\Lib\site-packages\sqlalchemy\engine\base.py", line 1421, in execute
    return meth(
        self,
        distilled_parameters,
        execution_options or NO_OPTIONS,
    )
  File "C:\Users\Welcome\Desktop\TriaNXT-Updated-Final\TriaNxtEngine-Backend\.venv\Lib\site-packages\sqlalchemy\sql\elements.py", line 526, in _execute_on_connection
    return connection._execute_clauseelement(
           ~~~~~~~~~~~~~~~~~~~~~~~~~~~~~~~~~^
        self, distilled_params, execution_options
        ^^^^^^^^^^^^^^^^^^^^^^^^^^^^^^^^^^^^^^^^^
    )
    ^
  File "C:\Users\Welcome\Desktop\TriaNXT-Updated-Final\TriaNxtEngine-Backend\.venv\Lib\site-packages\sqlalchemy\engine\base.py", line 1643, in _execute_clauseelement
    ret = self._execute_context(
        dialect,
    ...<8 lines>...
        cache_hit=cache_hit,
    )
  File "C:\Users\Welcome\Desktop\TriaNXT-Updated-Final\TriaNxtEngine-Backend\.venv\Lib\site-packages\sqlalchemy\engine\base.py", line 1848, in _execute_context
    return self._exec_single_context(
           ~~~~~~~~~~~~~~~~~~~~~~~~~^
        dialect, context, statement, parameters
        ^^^^^^^^^^^^^^^^^^^^^^^^^^^^^^^^^^^^^^^
    )
    ^
  File "C:\Users\Welcome\Desktop\TriaNXT-Updated-Final\TriaNxtEngine-Backend\.venv\Lib\site-packages\sqlalchemy\engine\base.py", line 1988, in _exec_single_context
    self._handle_dbapi_exception(
    ~~~~~~~~~~~~~~~~~~~~~~~~~~~~^
        e, str_statement, effective_parameters, cursor, context
        ^^^^^^^^^^^^^^^^^^^^^^^^^^^^^^^^^^^^^^^^^^^^^^^^^^^^^^^
    )
    ^
  File "C:\Users\Welcome\Desktop\TriaNXT-Updated-Final\TriaNxtEngine-Backend\.venv\Lib\site-packages\sqlalchemy\engine\base.py", line 2365, in _handle_dbapi_exception
    raise sqlalchemy_exception.with_traceback(exc_info[2]) from e
  File "C:\Users\Welcome\Desktop\TriaNXT-Updated-Final\TriaNxtEngine-Backend\.venv\Lib\site-packages\sqlalchemy\engine\base.py", line 1969, in _exec_single_context
    self.dialect.do_execute(
    ~~~~~~~~~~~~~~~~~~~~~~~^
        cursor, str_statement, effective_parameters, context
        ^^^^^^^^^^^^^^^^^^^^^^^^^^^^^^^^^^^^^^^^^^^^^^^^^^^^
    )
    ^
  File "C:\Users\Welcome\Desktop\TriaNXT-Updated-Final\TriaNxtEngine-Backend\.venv\Lib\site-packages\sqlalchemy\engine\default.py", line 952, in do_execute
    cursor.execute(statement, parameters)
    ~~~~~~~~~~~~~~^^^^^^^^^^^^^^^^^^^^^^^
sqlalchemy.exc.OperationalError: (sqlite3.OperationalError) no such table: ctms_subject
[SQL: SELECT ctms_subject.id, ctms_subject.code, ctms_subject.organization_id, ctms_subject.study_id, ctms_subject.site_id, ctms_subject.data, ctms_subject.created_at, ctms_subject.updated_at 
FROM ctms_subject 
WHERE ctms_subject.organization_id = ? ORDER BY ctms_subject.created_at DESC, ctms_subject.id DESC]
[parameters: (5,)]
(Background on this error at: https://sqlalche.me/e/20/e3q8)
[2026-09-04 21:36:58,847] ERROR uvicorn.error Exception in ASGI application
Traceback (most recent call last):
  File "C:\Users\Welcome\Desktop\TriaNXT-Updated-Final\TriaNxtEngine-Backend\.venv\Lib\site-packages\sqlalchemy\engine\base.py", line 1969, in _exec_single_context
    self.dialect.do_execute(
    ~~~~~~~~~~~~~~~~~~~~~~~^
        cursor, str_statement, effective_parameters, context
        ^^^^^^^^^^^^^^^^^^^^^^^^^^^^^^^^^^^^^^^^^^^^^^^^^^^^
    )
    ^
  File "C:\Users\Welcome\Desktop\TriaNXT-Updated-Final\TriaNxtEngine-Backend\.venv\Lib\site-packages\sqlalchemy\engine\default.py", line 952, in do_execute
    cursor.execute(statement, parameters)
    ~~~~~~~~~~~~~~^^^^^^^^^^^^^^^^^^^^^^^
sqlite3.OperationalError: no such table: ctms_visit

The above exception was the direct cause of the following exception:

Traceback (most recent call last):
  File "C:\Users\Welcome\Desktop\TriaNXT-Updated-Final\TriaNxtEngine-Backend\.venv\Lib\site-packages\uvicorn\protocols\http\httptools_impl.py", line 422, in run_asgi
    result = await app(  # type: ignore[func-returns-value]
             ^^^^^^^^^^^^^^^^^^^^^^^^^^^^^^^^^^^^^^^^^^^^^^
        self.scope, self.receive, self.send
        ^^^^^^^^^^^^^^^^^^^^^^^^^^^^^^^^^^^
    )
    ^
  File "C:\Users\Welcome\Desktop\TriaNXT-Updated-Final\TriaNxtEngine-Backend\.venv\Lib\site-packages\uvicorn\middleware\proxy_headers.py", line 63, in __call__
    return await self.app(scope, receive, send)
           ^^^^^^^^^^^^^^^^^^^^^^^^^^^^^^^^^^^^
  File "C:\Users\Welcome\Desktop\TriaNXT-Updated-Final\TriaNxtEngine-Backend\.venv\Lib\site-packages\fastapi\applications.py", line 1163, in __call__
    await super().__call__(scope, receive, send)
  File "C:\Users\Welcome\Desktop\TriaNXT-Updated-Final\TriaNxtEngine-Backend\.venv\Lib\site-packages\starlette\applications.py", line 96, in __call__
    await self.middleware_stack(scope, receive, send)
  File "C:\Users\Welcome\Desktop\TriaNXT-Updated-Final\TriaNxtEngine-Backend\.venv\Lib\site-packages\starlette\middleware\errors.py", line 186, in __call__
    raise exc
  File "C:\Users\Welcome\Desktop\TriaNXT-Updated-Final\TriaNxtEngine-Backend\.venv\Lib\site-packages\starlette\middleware\errors.py", line 164, in __call__
    await self.app(scope, receive, _send)
  File "C:\Users\Welcome\Desktop\TriaNXT-Updated-Final\TriaNxtEngine-Backend\tria_engine\core\middleware.py", line 63, in __call__
    await self.app(scope, receive, send)
  File "C:\Users\Welcome\Desktop\TriaNXT-Updated-Final\TriaNxtEngine-Backend\.venv\Lib\site-packages\starlette\middleware\cors.py", line 96, in __call__
    await self.simple_response(scope, receive, send, request_headers=headers)
  File "C:\Users\Welcome\Desktop\TriaNXT-Updated-Final\TriaNxtEngine-Backend\.venv\Lib\site-packages\starlette\middleware\cors.py", line 154, in simple_response
    await self.app(scope, receive, send)
  File "C:\Users\Welcome\Desktop\TriaNXT-Updated-Final\TriaNxtEngine-Backend\.venv\Lib\site-packages\starlette\middleware\exceptions.py", line 63, in __call__
    await wrap_app_handling_exceptions(self.app, conn)(scope, receive, send)
  File "C:\Users\Welcome\Desktop\TriaNXT-Updated-Final\TriaNxtEngine-Backend\.venv\Lib\site-packages\starlette\_exception_handler.py", line 53, in wrapped_app
    raise exc
  File "C:\Users\Welcome\Desktop\TriaNXT-Updated-Final\TriaNxtEngine-Backend\.venv\Lib\site-packages\starlette\_exception_handler.py", line 42, in wrapped_app
    await app(scope, receive, sender)
  File "C:\Users\Welcome\Desktop\TriaNXT-Updated-Final\TriaNxtEngine-Backend\.venv\Lib\site-packages\fastapi\middleware\asyncexitstack.py", line 18, in __call__
    await self.app(scope, receive, send)
  File "C:\Users\Welcome\Desktop\TriaNXT-Updated-Final\TriaNxtEngine-Backend\.venv\Lib\site-packages\starlette\routing.py", line 670, in __call__
    await self.middleware_stack(scope, receive, send)
  File "C:\Users\Welcome\Desktop\TriaNXT-Updated-Final\TriaNxtEngine-Backend\.venv\Lib\site-packages\fastapi\routing.py", line 2734, in app
    await route.handle(scope, receive, send)
  File "C:\Users\Welcome\Desktop\TriaNXT-Updated-Final\TriaNxtEngine-Backend\.venv\Lib\site-packages\fastapi\routing.py", line 1780, in handle
    await self.original_router.handle(scope, receive, send)
  File "C:\Users\Welcome\Desktop\TriaNXT-Updated-Final\TriaNxtEngine-Backend\.venv\Lib\site-packages\fastapi\routing.py", line 2789, in handle
    await included_router._handle_selected(scope, receive, send)
  File "C:\Users\Welcome\Desktop\TriaNXT-Updated-Final\TriaNxtEngine-Backend\.venv\Lib\site-packages\fastapi\routing.py", line 1791, in _handle_selected
    await route.handle(scope, receive, send)
  File "C:\Users\Welcome\Desktop\TriaNXT-Updated-Final\TriaNxtEngine-Backend\.venv\Lib\site-packages\fastapi\routing.py", line 1780, in handle
    await self.original_router.handle(scope, receive, send)
  File "C:\Users\Welcome\Desktop\TriaNXT-Updated-Final\TriaNxtEngine-Backend\.venv\Lib\site-packages\fastapi\routing.py", line 2789, in handle
    await included_router._handle_selected(scope, receive, send)
  File "C:\Users\Welcome\Desktop\TriaNXT-Updated-Final\TriaNxtEngine-Backend\.venv\Lib\site-packages\fastapi\routing.py", line 1800, in _handle_selected
    await original_route.handle(scope, receive, send)
  File "C:\Users\Welcome\Desktop\TriaNXT-Updated-Final\TriaNxtEngine-Backend\.venv\Lib\site-packages\fastapi\routing.py", line 1279, in handle
    await app(scope, receive, send)
  File "C:\Users\Welcome\Desktop\TriaNXT-Updated-Final\TriaNxtEngine-Backend\.venv\Lib\site-packages\fastapi\routing.py", line 158, in app
    await wrap_app_handling_exceptions(app, request)(scope, receive, send)
  File "C:\Users\Welcome\Desktop\TriaNXT-Updated-Final\TriaNxtEngine-Backend\.venv\Lib\site-packages\starlette\_exception_handler.py", line 53, in wrapped_app
    raise exc
  File "C:\Users\Welcome\Desktop\TriaNXT-Updated-Final\TriaNxtEngine-Backend\.venv\Lib\site-packages\starlette\_exception_handler.py", line 42, in wrapped_app
    await app(scope, receive, sender)
  File "C:\Users\Welcome\Desktop\TriaNXT-Updated-Final\TriaNxtEngine-Backend\.venv\Lib\site-packages\fastapi\routing.py", line 144, in app
    response = await f(request)
               ^^^^^^^^^^^^^^^^
  File "C:\Users\Welcome\Desktop\TriaNXT-Updated-Final\TriaNxtEngine-Backend\.venv\Lib\site-packages\fastapi\routing.py", line 706, in app
    raw_response = await run_endpoint_function(
                   ^^^^^^^^^^^^^^^^^^^^^^^^^^^^
    ...<3 lines>...
    )
    ^
  File "C:\Users\Welcome\Desktop\TriaNXT-Updated-Final\TriaNxtEngine-Backend\.venv\Lib\site-packages\fastapi\routing.py", line 354, in run_endpoint_function
    return await run_in_threadpool(dependant.call, **values)
           ^^^^^^^^^^^^^^^^^^^^^^^^^^^^^^^^^^^^^^^^^^^^^^^^^
  File "C:\Users\Welcome\Desktop\TriaNXT-Updated-Final\TriaNxtEngine-Backend\.venv\Lib\site-packages\starlette\concurrency.py", line 34, in run_in_threadpool
    return await anyio.to_thread.run_sync(func)
           ^^^^^^^^^^^^^^^^^^^^^^^^^^^^^^^^^^^^
  File "C:\Users\Welcome\Desktop\TriaNXT-Updated-Final\TriaNxtEngine-Backend\.venv\Lib\site-packages\anyio\to_thread.py", line 65, in run_sync
    return await get_async_backend().run_sync_in_worker_thread(
           ^^^^^^^^^^^^^^^^^^^^^^^^^^^^^^^^^^^^^^^^^^^^^^^^^^^^
        func, args, abandon_on_cancel=abandon_on_cancel, limiter=limiter
        ^^^^^^^^^^^^^^^^^^^^^^^^^^^^^^^^^^^^^^^^^^^^^^^^^^^^^^^^^^^^^^^^
    )
    ^
  File "C:\Users\Welcome\Desktop\TriaNXT-Updated-Final\TriaNxtEngine-Backend\.venv\Lib\site-packages\anyio\_backends\_asyncio.py", line 2706, in run_sync_in_worker_thread
    return await future
           ^^^^^^^^^^^^
  File "C:\Users\Welcome\Desktop\TriaNXT-Updated-Final\TriaNxtEngine-Backend\.venv\Lib\site-packages\anyio\_backends\_asyncio.py", line 1100, in run
    result = context.run(func, *args)
  File "C:\Users\Welcome\Desktop\TriaNXT-Updated-Final\TriaNxtEngine-Backend\tria_engine\apps\ctms\router_visits.py", line 35, in visit_list
    records = list_records(db, CtmsVisit, user)
  File "C:\Users\Welcome\Desktop\TriaNXT-Updated-Final\TriaNxtEngine-Backend\tria_engine\apps\ctms\common.py", line 225, in list_records
    return [dict(r.data) for r in db.execute(stmt).scalars().all()]
                                  ~~~~~~~~~~^^^^^^
  File "C:\Users\Welcome\Desktop\TriaNXT-Updated-Final\TriaNxtEngine-Backend\.venv\Lib\site-packages\sqlalchemy\orm\session.py", line 2373, in execute
    return self._execute_internal(
           ~~~~~~~~~~~~~~~~~~~~~~^
        statement,
        ^^^^^^^^^^
    ...<4 lines>...
        _add_event=_add_event,
        ^^^^^^^^^^^^^^^^^^^^^^
    )
    ^
  File "C:\Users\Welcome\Desktop\TriaNXT-Updated-Final\TriaNxtEngine-Backend\.venv\Lib\site-packages\sqlalchemy\orm\session.py", line 2271, in _execute_internal
    result: Result[Any] = compile_state_cls.orm_execute_statement(
                          ~~~~~~~~~~~~~~~~~~~~~~~~~~~~~~~~~~~~~~~^
        self,
        ^^^^^
    ...<4 lines>...
        conn,
        ^^^^^
    )
    ^
  File "C:\Users\Welcome\Desktop\TriaNXT-Updated-Final\TriaNxtEngine-Backend\.venv\Lib\site-packages\sqlalchemy\orm\context.py", line 306, in orm_execute_statement
    result = conn.execute(
        statement, params or {}, execution_options=execution_options
    )
  File "C:\Users\Welcome\Desktop\TriaNXT-Updated-Final\TriaNxtEngine-Backend\.venv\Lib\site-packages\sqlalchemy\engine\base.py", line 1421, in execute
    return meth(
        self,
        distilled_parameters,
        execution_options or NO_OPTIONS,
    )
  File "C:\Users\Welcome\Desktop\TriaNXT-Updated-Final\TriaNxtEngine-Backend\.venv\Lib\site-packages\sqlalchemy\sql\elements.py", line 526, in _execute_on_connection
    return connection._execute_clauseelement(
           ~~~~~~~~~~~~~~~~~~~~~~~~~~~~~~~~~^
        self, distilled_params, execution_options
        ^^^^^^^^^^^^^^^^^^^^^^^^^^^^^^^^^^^^^^^^^
    )
    ^
  File "C:\Users\Welcome\Desktop\TriaNXT-Updated-Final\TriaNxtEngine-Backend\.venv\Lib\site-packages\sqlalchemy\engine\base.py", line 1643, in _execute_clauseelement
    ret = self._execute_context(
        dialect,
    ...<8 lines>...
        cache_hit=cache_hit,
    )
  File "C:\Users\Welcome\Desktop\TriaNXT-Updated-Final\TriaNxtEngine-Backend\.venv\Lib\site-packages\sqlalchemy\engine\base.py", line 1848, in _execute_context
    return self._exec_single_context(
           ~~~~~~~~~~~~~~~~~~~~~~~~~^
        dialect, context, statement, parameters
        ^^^^^^^^^^^^^^^^^^^^^^^^^^^^^^^^^^^^^^^
    )
    ^
  File "C:\Users\Welcome\Desktop\TriaNXT-Updated-Final\TriaNxtEngine-Backend\.venv\Lib\site-packages\sqlalchemy\engine\base.py", line 1988, in _exec_single_context
    self._handle_dbapi_exception(
    ~~~~~~~~~~~~~~~~~~~~~~~~~~~~^
        e, str_statement, effective_parameters, cursor, context
        ^^^^^^^^^^^^^^^^^^^^^^^^^^^^^^^^^^^^^^^^^^^^^^^^^^^^^^^
    )
    ^
  File "C:\Users\Welcome\Desktop\TriaNXT-Updated-Final\TriaNxtEngine-Backend\.venv\Lib\site-packages\sqlalchemy\engine\base.py", line 2365, in _handle_dbapi_exception
    raise sqlalchemy_exception.with_traceback(exc_info[2]) from e
  File "C:\Users\Welcome\Desktop\TriaNXT-Updated-Final\TriaNxtEngine-Backend\.venv\Lib\site-packages\sqlalchemy\engine\base.py", line 1969, in _exec_single_context
    self.dialect.do_execute(
    ~~~~~~~~~~~~~~~~~~~~~~~^
        cursor, str_statement, effective_parameters, context
        ^^^^^^^^^^^^^^^^^^^^^^^^^^^^^^^^^^^^^^^^^^^^^^^^^^^^
    )
    ^
  File "C:\Users\Welcome\Desktop\TriaNXT-Updated-Final\TriaNxtEngine-Backend\.venv\Lib\site-packages\sqlalchemy\engine\default.py", line 952, in do_execute
    cursor.execute(statement, parameters)
    ~~~~~~~~~~~~~~^^^^^^^^^^^^^^^^^^^^^^^
sqlalchemy.exc.OperationalError: (sqlite3.OperationalError) no such table: ctms_visit
[SQL: SELECT ctms_visit.id, ctms_visit.code, ctms_visit.organization_id, ctms_visit.study_id, ctms_visit.site_id, ctms_visit.data, ctms_visit.created_at, ctms_visit.updated_at 
FROM ctms_visit 
WHERE ctms_visit.organization_id = ? ORDER BY ctms_visit.created_at DESC, ctms_visit.id DESC]
[parameters: (5,)]
(Background on this error at: https://sqlalche.me/e/20/e3q8)
[2026-09-07 12:12:16,857] ERROR tria_engine UI storage DDL failed: (psycopg2.OperationalError) connection to server at "localhost" (::1), port 5432 failed: Connection refused (0x0000274D/10061)
	Is the server running on that host and accepting TCP/IP connections?
connection to server at "localhost" (127.0.0.1), port 5432 failed: Connection refused (0x0000274D/10061)
	Is the server running on that host and accepting TCP/IP connections?

(Background on this error at: https://sqlalche.me/e/20/e3q8) | SQL: CREATE TABLE IF NOT EXISTS ctms_ui_storage ( id BIGSERIAL PRIMARY KEY, user_id BIGINT NOT NULL REFERENCES accounts_user(id) ON DELETE CASCADE, storage_key VARCHAR(255) NOT NULL, value JSONB, created_at TIMESTAMP NOT NULL DEFAULT CURRENT_TIMESTAMP, updated_at TIMESTAMP NOT NULL DEFAULT CURRENT_TIMESTAMP, CONSTRAINT uq_ctms_ui_storage_user_key UNIQUE (user_id, storage_key) )
[2026-09-07 12:12:20,916] ERROR tria_engine UI storage DDL failed: (psycopg2.OperationalError) connection to server at "localhost" (::1), port 5432 failed: Connection refused (0x0000274D/10061)
	Is the server running on that host and accepting TCP/IP connections?
connection to server at "localhost" (127.0.0.1), port 5432 failed: Connection refused (0x0000274D/10061)
	Is the server running on that host and accepting TCP/IP connections?

(Background on this error at: https://sqlalche.me/e/20/e3q8) | SQL: CREATE INDEX IF NOT EXISTS ix_ctms_ui_storage_user_id ON ctms_ui_storage(user_id)
[2026-09-07 12:12:25,010] ERROR tria_engine UI storage DDL failed: (psycopg2.OperationalError) connection to server at "localhost" (::1), port 5432 failed: Connection refused (0x0000274D/10061)
	Is the server running on that host and accepting TCP/IP connections?
connection to server at "localhost" (127.0.0.1), port 5432 failed: Connection refused (0x0000274D/10061)
	Is the server running on that host and accepting TCP/IP connections?

(Background on this error at: https://sqlalche.me/e/20/e3q8) | SQL: CREATE INDEX IF NOT EXISTS ix_ctms_ui_storage_key ON ctms_ui_storage(storage_key)
[2026-09-07 12:13:42,421] ERROR tria_engine Database unreachable after retries
[2026-09-07 12:13:56,150] ERROR tria_engine Database unreachable after retries
[2026-09-07 12:14:09,840] ERROR tria_engine Database unreachable after retries
[2026-09-07 12:14:23,532] ERROR tria_engine Database unreachable after retries
[2026-09-07 12:14:42,456] ERROR tria_engine Database unreachable after retries
[2026-09-07 12:14:56,269] ERROR tria_engine Database unreachable after retries
[2026-09-08 13:12:11,329] ERROR uvicorn.error Exception in ASGI application
Traceback (most recent call last):
  File "C:\Users\Welcome\Desktop\New TriaNXT\Engine\.venv\Lib\site-packages\sqlalchemy\engine\base.py", line 1969, in _exec_single_context
    self.dialect.do_execute(
    ~~~~~~~~~~~~~~~~~~~~~~~^
        cursor, str_statement, effective_parameters, context
        ^^^^^^^^^^^^^^^^^^^^^^^^^^^^^^^^^^^^^^^^^^^^^^^^^^^^
    )
    ^
  File "C:\Users\Welcome\Desktop\New TriaNXT\Engine\.venv\Lib\site-packages\sqlalchemy\engine\default.py", line 952, in do_execute
    cursor.execute(statement, parameters)
    ~~~~~~~~~~~~~~^^^^^^^^^^^^^^^^^^^^^^^
psycopg2.errors.ForeignKeyViolation: insert or update on table "ctms_signature_requests" violates foreign key constraint "ctms_signature_requests_document_id_fkey"
DETAIL:  Key (document_id)=(101) is not present in table "ctms_documents".


The above exception was the direct cause of the following exception:

Traceback (most recent call last):
  File "C:\Users\Welcome\Desktop\New TriaNXT\Engine\.venv\Lib\site-packages\uvicorn\protocols\http\httptools_impl.py", line 422, in run_asgi
    result = await app(  # type: ignore[func-returns-value]
             ^^^^^^^^^^^^^^^^^^^^^^^^^^^^^^^^^^^^^^^^^^^^^^
        self.scope, self.receive, self.send
        ^^^^^^^^^^^^^^^^^^^^^^^^^^^^^^^^^^^
    )
    ^
  File "C:\Users\Welcome\Desktop\New TriaNXT\Engine\.venv\Lib\site-packages\uvicorn\middleware\proxy_headers.py", line 63, in __call__
    return await self.app(scope, receive, send)
           ^^^^^^^^^^^^^^^^^^^^^^^^^^^^^^^^^^^^
  File "C:\Users\Welcome\Desktop\New TriaNXT\Engine\.venv\Lib\site-packages\fastapi\applications.py", line 1163, in __call__
    await super().__call__(scope, receive, send)
  File "C:\Users\Welcome\Desktop\New TriaNXT\Engine\.venv\Lib\site-packages\starlette\applications.py", line 96, in __call__
    await self.middleware_stack(scope, receive, send)
  File "C:\Users\Welcome\Desktop\New TriaNXT\Engine\.venv\Lib\site-packages\starlette\middleware\errors.py", line 186, in __call__
    raise exc
  File "C:\Users\Welcome\Desktop\New TriaNXT\Engine\.venv\Lib\site-packages\starlette\middleware\errors.py", line 164, in __call__
    await self.app(scope, receive, _send)
  File "C:\Users\Welcome\Desktop\New TriaNXT\Engine\tria_engine\core\middleware.py", line 63, in __call__
    await self.app(scope, receive, send)
  File "C:\Users\Welcome\Desktop\New TriaNXT\Engine\.venv\Lib\site-packages\starlette\middleware\cors.py", line 88, in __call__
    await self.app(scope, receive, send)
  File "C:\Users\Welcome\Desktop\New TriaNXT\Engine\.venv\Lib\site-packages\starlette\middleware\exceptions.py", line 63, in __call__
    await wrap_app_handling_exceptions(self.app, conn)(scope, receive, send)
  File "C:\Users\Welcome\Desktop\New TriaNXT\Engine\.venv\Lib\site-packages\starlette\_exception_handler.py", line 53, in wrapped_app
    raise exc
  File "C:\Users\Welcome\Desktop\New TriaNXT\Engine\.venv\Lib\site-packages\starlette\_exception_handler.py", line 42, in wrapped_app
    await app(scope, receive, sender)
  File "C:\Users\Welcome\Desktop\New TriaNXT\Engine\.venv\Lib\site-packages\fastapi\middleware\asyncexitstack.py", line 18, in __call__
    await self.app(scope, receive, send)
  File "C:\Users\Welcome\Desktop\New TriaNXT\Engine\.venv\Lib\site-packages\starlette\routing.py", line 670, in __call__
    await self.middleware_stack(scope, receive, send)
  File "C:\Users\Welcome\Desktop\New TriaNXT\Engine\.venv\Lib\site-packages\fastapi\routing.py", line 2734, in app
    await route.handle(scope, receive, send)
  File "C:\Users\Welcome\Desktop\New TriaNXT\Engine\.venv\Lib\site-packages\fastapi\routing.py", line 1780, in handle
    await self.original_router.handle(scope, receive, send)
  File "C:\Users\Welcome\Desktop\New TriaNXT\Engine\.venv\Lib\site-packages\fastapi\routing.py", line 2789, in handle
    await included_router._handle_selected(scope, receive, send)
  File "C:\Users\Welcome\Desktop\New TriaNXT\Engine\.venv\Lib\site-packages\fastapi\routing.py", line 1800, in _handle_selected
    await original_route.handle(scope, receive, send)
  File "C:\Users\Welcome\Desktop\New TriaNXT\Engine\.venv\Lib\site-packages\fastapi\routing.py", line 1279, in handle
    await app(scope, receive, send)
  File "C:\Users\Welcome\Desktop\New TriaNXT\Engine\.venv\Lib\site-packages\fastapi\routing.py", line 158, in app
    await wrap_app_handling_exceptions(app, request)(scope, receive, send)
  File "C:\Users\Welcome\Desktop\New TriaNXT\Engine\.venv\Lib\site-packages\starlette\_exception_handler.py", line 53, in wrapped_app
    raise exc
  File "C:\Users\Welcome\Desktop\New TriaNXT\Engine\.venv\Lib\site-packages\starlette\_exception_handler.py", line 42, in wrapped_app
    await app(scope, receive, sender)
  File "C:\Users\Welcome\Desktop\New TriaNXT\Engine\.venv\Lib\site-packages\fastapi\routing.py", line 144, in app
    response = await f(request)
               ^^^^^^^^^^^^^^^^
  File "C:\Users\Welcome\Desktop\New TriaNXT\Engine\.venv\Lib\site-packages\fastapi\routing.py", line 706, in app
    raw_response = await run_endpoint_function(
                   ^^^^^^^^^^^^^^^^^^^^^^^^^^^^
    ...<3 lines>...
    )
    ^
  File "C:\Users\Welcome\Desktop\New TriaNXT\Engine\.venv\Lib\site-packages\fastapi\routing.py", line 354, in run_endpoint_function
    return await run_in_threadpool(dependant.call, **values)
           ^^^^^^^^^^^^^^^^^^^^^^^^^^^^^^^^^^^^^^^^^^^^^^^^^
  File "C:\Users\Welcome\Desktop\New TriaNXT\Engine\.venv\Lib\site-packages\starlette\concurrency.py", line 34, in run_in_threadpool
    return await anyio.to_thread.run_sync(func)
           ^^^^^^^^^^^^^^^^^^^^^^^^^^^^^^^^^^^^
  File "C:\Users\Welcome\Desktop\New TriaNXT\Engine\.venv\Lib\site-packages\anyio\to_thread.py", line 65, in run_sync
    return await get_async_backend().run_sync_in_worker_thread(
           ^^^^^^^^^^^^^^^^^^^^^^^^^^^^^^^^^^^^^^^^^^^^^^^^^^^^
        func, args, abandon_on_cancel=abandon_on_cancel, limiter=limiter
        ^^^^^^^^^^^^^^^^^^^^^^^^^^^^^^^^^^^^^^^^^^^^^^^^^^^^^^^^^^^^^^^^
    )
    ^
  File "C:\Users\Welcome\Desktop\New TriaNXT\Engine\.venv\Lib\site-packages\anyio\_backends\_asyncio.py", line 2706, in run_sync_in_worker_thread
    return await future
           ^^^^^^^^^^^^
  File "C:\Users\Welcome\Desktop\New TriaNXT\Engine\.venv\Lib\site-packages\anyio\_backends\_asyncio.py", line 1100, in run
    result = context.run(func, *args)
  File "C:\Users\Welcome\Desktop\New TriaNXT\Engine\tria_engine\apps\ctms\router_signature.py", line 225, in create_signature_request
    return guarded(_create)
  File "C:\Users\Welcome\Desktop\New TriaNXT\Engine\tria_engine\apps\ctms\common.py", line 355, in guarded
    return ok_response(fn())
                       ~~^^
  File "C:\Users\Welcome\Desktop\New TriaNXT\Engine\tria_engine\apps\ctms\router_signature.py", line 208, in _create
    db.flush()
    ~~~~~~~~^^
  File "C:\Users\Welcome\Desktop\New TriaNXT\Engine\.venv\Lib\site-packages\sqlalchemy\orm\session.py", line 4353, in flush
    self._flush(objects)
    ~~~~~~~~~~~^^^^^^^^^
  File "C:\Users\Welcome\Desktop\New TriaNXT\Engine\.venv\Lib\site-packages\sqlalchemy\orm\session.py", line 4488, in _flush
    with util.safe_reraise():
         ~~~~~~~~~~~~~~~~~^^
  File "C:\Users\Welcome\Desktop\New TriaNXT\Engine\.venv\Lib\site-packages\sqlalchemy\util\langhelpers.py", line 122, in __exit__
    raise exc_value.with_traceback(exc_tb)
  File "C:\Users\Welcome\Desktop\New TriaNXT\Engine\.venv\Lib\site-packages\sqlalchemy\orm\session.py", line 4449, in _flush
    flush_context.execute()
    ~~~~~~~~~~~~~~~~~~~~~^^
  File "C:\Users\Welcome\Desktop\New TriaNXT\Engine\.venv\Lib\site-packages\sqlalchemy\orm\unitofwork.py", line 465, in execute
    rec.execute(self)
    ~~~~~~~~~~~^^^^^^
  File "C:\Users\Welcome\Desktop\New TriaNXT\Engine\.venv\Lib\site-packages\sqlalchemy\orm\unitofwork.py", line 641, in execute
    util.preloaded.orm_persistence.save_obj(
    ~~~~~~~~~~~~~~~~~~~~~~~~~~~~~~~~~~~~~~~^
        self.mapper,
        ^^^^^^^^^^^^
        uow.states_for_mapper_hierarchy(self.mapper, False, False),
        ^^^^^^^^^^^^^^^^^^^^^^^^^^^^^^^^^^^^^^^^^^^^^^^^^^^^^^^^^^^
        uow,
        ^^^^
    )
    ^
  File "C:\Users\Welcome\Desktop\New TriaNXT\Engine\.venv\Lib\site-packages\sqlalchemy\orm\persistence.py", line 94, in save_obj
    _emit_insert_statements(
    ~~~~~~~~~~~~~~~~~~~~~~~^
        base_mapper,
        ^^^^^^^^^^^^
    ...<3 lines>...
        insert,
        ^^^^^^^
    )
    ^
  File "C:\Users\Welcome\Desktop\New TriaNXT\Engine\.venv\Lib\site-packages\sqlalchemy\orm\persistence.py", line 1234, in _emit_insert_statements
    result = connection.execute(
        statement,
        params,
        execution_options=execution_options,
    )
  File "C:\Users\Welcome\Desktop\New TriaNXT\Engine\.venv\Lib\site-packages\sqlalchemy\engine\base.py", line 1421, in execute
    return meth(
        self,
        distilled_parameters,
        execution_options or NO_OPTIONS,
    )
  File "C:\Users\Welcome\Desktop\New TriaNXT\Engine\.venv\Lib\site-packages\sqlalchemy\sql\elements.py", line 526, in _execute_on_connection
    return connection._execute_clauseelement(
           ~~~~~~~~~~~~~~~~~~~~~~~~~~~~~~~~~^
        self, distilled_params, execution_options
        ^^^^^^^^^^^^^^^^^^^^^^^^^^^^^^^^^^^^^^^^^
    )
    ^
  File "C:\Users\Welcome\Desktop\New TriaNXT\Engine\.venv\Lib\site-packages\sqlalchemy\engine\base.py", line 1643, in _execute_clauseelement
    ret = self._execute_context(
        dialect,
    ...<8 lines>...
        cache_hit=cache_hit,
    )
  File "C:\Users\Welcome\Desktop\New TriaNXT\Engine\.venv\Lib\site-packages\sqlalchemy\engine\base.py", line 1848, in _execute_context
    return self._exec_single_context(
           ~~~~~~~~~~~~~~~~~~~~~~~~~^
        dialect, context, statement, parameters
        ^^^^^^^^^^^^^^^^^^^^^^^^^^^^^^^^^^^^^^^
    )
    ^
  File "C:\Users\Welcome\Desktop\New TriaNXT\Engine\.venv\Lib\site-packages\sqlalchemy\engine\base.py", line 1988, in _exec_single_context
    self._handle_dbapi_exception(
    ~~~~~~~~~~~~~~~~~~~~~~~~~~~~^
        e, str_statement, effective_parameters, cursor, context
        ^^^^^^^^^^^^^^^^^^^^^^^^^^^^^^^^^^^^^^^^^^^^^^^^^^^^^^^
    )
    ^
  File "C:\Users\Welcome\Desktop\New TriaNXT\Engine\.venv\Lib\site-packages\sqlalchemy\engine\base.py", line 2365, in _handle_dbapi_exception
    raise sqlalchemy_exception.with_traceback(exc_info[2]) from e
  File "C:\Users\Welcome\Desktop\New TriaNXT\Engine\.venv\Lib\site-packages\sqlalchemy\engine\base.py", line 1969, in _exec_single_context
    self.dialect.do_execute(
    ~~~~~~~~~~~~~~~~~~~~~~~^
        cursor, str_statement, effective_parameters, context
        ^^^^^^^^^^^^^^^^^^^^^^^^^^^^^^^^^^^^^^^^^^^^^^^^^^^^
    )
    ^
  File "C:\Users\Welcome\Desktop\New TriaNXT\Engine\.venv\Lib\site-packages\sqlalchemy\engine\default.py", line 952, in do_execute
    cursor.execute(statement, parameters)
    ~~~~~~~~~~~~~~^^^^^^^^^^^^^^^^^^^^^^^
sqlalchemy.exc.IntegrityError: (psycopg2.errors.ForeignKeyViolation) insert or update on table "ctms_signature_requests" violates foreign key constraint "ctms_signature_requests_document_id_fkey"
DETAIL:  Key (document_id)=(101) is not present in table "ctms_documents".

[SQL: INSERT INTO ctms_signature_requests (document_id, study_id, requested_by, title, status, sent_at, expires_at, completed_at, created_at) VALUES (%(document_id)s, %(study_id)s, %(requested_by)s, %(title)s, %(status)s, %(sent_at)s, %(expires_at)s, %(completed_at)s, %(created_at)s) RETURNING ctms_signature_requests.request_id]
[parameters: {'document_id': 101, 'study_id': 202, 'requested_by': 1, 'title': 'Approve ICF v2.0', 'status': 'SENT', 'sent_at': datetime.datetime(2026, 9, 8, 7, 42, 11, 305857), 'expires_at': None, 'completed_at': None, 'created_at': datetime.datetime(2026, 9, 8, 7, 42, 11, 305857)}]
(Background on this error at: https://sqlalche.me/e/20/gkpj)
[2026-09-08 13:17:35,297] ERROR uvicorn.error Exception in ASGI application
Traceback (most recent call last):
  File "C:\Users\Welcome\Desktop\New TriaNXT\Engine\.venv\Lib\site-packages\sqlalchemy\engine\base.py", line 1969, in _exec_single_context
    self.dialect.do_execute(
    ~~~~~~~~~~~~~~~~~~~~~~~^
        cursor, str_statement, effective_parameters, context
        ^^^^^^^^^^^^^^^^^^^^^^^^^^^^^^^^^^^^^^^^^^^^^^^^^^^^
    )
    ^
  File "C:\Users\Welcome\Desktop\New TriaNXT\Engine\.venv\Lib\site-packages\sqlalchemy\engine\default.py", line 952, in do_execute
    cursor.execute(statement, parameters)
    ~~~~~~~~~~~~~~^^^^^^^^^^^^^^^^^^^^^^^
psycopg2.errors.ForeignKeyViolation: insert or update on table "ctms_signature_requests" violates foreign key constraint "ctms_signature_requests_document_id_fkey"
DETAIL:  Key (document_id)=(9999) is not present in table "ctms_documents".


The above exception was the direct cause of the following exception:

Traceback (most recent call last):
  File "C:\Users\Welcome\Desktop\New TriaNXT\Engine\.venv\Lib\site-packages\uvicorn\protocols\http\httptools_impl.py", line 422, in run_asgi
    result = await app(  # type: ignore[func-returns-value]
             ^^^^^^^^^^^^^^^^^^^^^^^^^^^^^^^^^^^^^^^^^^^^^^
        self.scope, self.receive, self.send
        ^^^^^^^^^^^^^^^^^^^^^^^^^^^^^^^^^^^
    )
    ^
  File "C:\Users\Welcome\Desktop\New TriaNXT\Engine\.venv\Lib\site-packages\uvicorn\middleware\proxy_headers.py", line 63, in __call__
    return await self.app(scope, receive, send)
           ^^^^^^^^^^^^^^^^^^^^^^^^^^^^^^^^^^^^
  File "C:\Users\Welcome\Desktop\New TriaNXT\Engine\.venv\Lib\site-packages\fastapi\applications.py", line 1163, in __call__
    await super().__call__(scope, receive, send)
  File "C:\Users\Welcome\Desktop\New TriaNXT\Engine\.venv\Lib\site-packages\starlette\applications.py", line 96, in __call__
    await self.middleware_stack(scope, receive, send)
  File "C:\Users\Welcome\Desktop\New TriaNXT\Engine\.venv\Lib\site-packages\starlette\middleware\errors.py", line 186, in __call__
    raise exc
  File "C:\Users\Welcome\Desktop\New TriaNXT\Engine\.venv\Lib\site-packages\starlette\middleware\errors.py", line 164, in __call__
    await self.app(scope, receive, _send)
  File "C:\Users\Welcome\Desktop\New TriaNXT\Engine\tria_engine\core\middleware.py", line 63, in __call__
    await self.app(scope, receive, send)
  File "C:\Users\Welcome\Desktop\New TriaNXT\Engine\.venv\Lib\site-packages\starlette\middleware\cors.py", line 88, in __call__
    await self.app(scope, receive, send)
  File "C:\Users\Welcome\Desktop\New TriaNXT\Engine\.venv\Lib\site-packages\starlette\middleware\exceptions.py", line 63, in __call__
    await wrap_app_handling_exceptions(self.app, conn)(scope, receive, send)
  File "C:\Users\Welcome\Desktop\New TriaNXT\Engine\.venv\Lib\site-packages\starlette\_exception_handler.py", line 53, in wrapped_app
    raise exc
  File "C:\Users\Welcome\Desktop\New TriaNXT\Engine\.venv\Lib\site-packages\starlette\_exception_handler.py", line 42, in wrapped_app
    await app(scope, receive, sender)
  File "C:\Users\Welcome\Desktop\New TriaNXT\Engine\.venv\Lib\site-packages\fastapi\middleware\asyncexitstack.py", line 18, in __call__
    await self.app(scope, receive, send)
  File "C:\Users\Welcome\Desktop\New TriaNXT\Engine\.venv\Lib\site-packages\starlette\routing.py", line 670, in __call__
    await self.middleware_stack(scope, receive, send)
  File "C:\Users\Welcome\Desktop\New TriaNXT\Engine\.venv\Lib\site-packages\fastapi\routing.py", line 2734, in app
    await route.handle(scope, receive, send)
  File "C:\Users\Welcome\Desktop\New TriaNXT\Engine\.venv\Lib\site-packages\fastapi\routing.py", line 1780, in handle
    await self.original_router.handle(scope, receive, send)
  File "C:\Users\Welcome\Desktop\New TriaNXT\Engine\.venv\Lib\site-packages\fastapi\routing.py", line 2789, in handle
    await included_router._handle_selected(scope, receive, send)
  File "C:\Users\Welcome\Desktop\New TriaNXT\Engine\.venv\Lib\site-packages\fastapi\routing.py", line 1800, in _handle_selected
    await original_route.handle(scope, receive, send)
  File "C:\Users\Welcome\Desktop\New TriaNXT\Engine\.venv\Lib\site-packages\fastapi\routing.py", line 1279, in handle
    await app(scope, receive, send)
  File "C:\Users\Welcome\Desktop\New TriaNXT\Engine\.venv\Lib\site-packages\fastapi\routing.py", line 158, in app
    await wrap_app_handling_exceptions(app, request)(scope, receive, send)
  File "C:\Users\Welcome\Desktop\New TriaNXT\Engine\.venv\Lib\site-packages\starlette\_exception_handler.py", line 53, in wrapped_app
    raise exc
  File "C:\Users\Welcome\Desktop\New TriaNXT\Engine\.venv\Lib\site-packages\starlette\_exception_handler.py", line 42, in wrapped_app
    await app(scope, receive, sender)
  File "C:\Users\Welcome\Desktop\New TriaNXT\Engine\.venv\Lib\site-packages\fastapi\routing.py", line 144, in app
    response = await f(request)
               ^^^^^^^^^^^^^^^^
  File "C:\Users\Welcome\Desktop\New TriaNXT\Engine\.venv\Lib\site-packages\fastapi\routing.py", line 706, in app
    raw_response = await run_endpoint_function(
                   ^^^^^^^^^^^^^^^^^^^^^^^^^^^^
    ...<3 lines>...
    )
    ^
  File "C:\Users\Welcome\Desktop\New TriaNXT\Engine\.venv\Lib\site-packages\fastapi\routing.py", line 354, in run_endpoint_function
    return await run_in_threadpool(dependant.call, **values)
           ^^^^^^^^^^^^^^^^^^^^^^^^^^^^^^^^^^^^^^^^^^^^^^^^^
  File "C:\Users\Welcome\Desktop\New TriaNXT\Engine\.venv\Lib\site-packages\starlette\concurrency.py", line 34, in run_in_threadpool
    return await anyio.to_thread.run_sync(func)
           ^^^^^^^^^^^^^^^^^^^^^^^^^^^^^^^^^^^^
  File "C:\Users\Welcome\Desktop\New TriaNXT\Engine\.venv\Lib\site-packages\anyio\to_thread.py", line 65, in run_sync
    return await get_async_backend().run_sync_in_worker_thread(
           ^^^^^^^^^^^^^^^^^^^^^^^^^^^^^^^^^^^^^^^^^^^^^^^^^^^^
        func, args, abandon_on_cancel=abandon_on_cancel, limiter=limiter
        ^^^^^^^^^^^^^^^^^^^^^^^^^^^^^^^^^^^^^^^^^^^^^^^^^^^^^^^^^^^^^^^^
    )
    ^
  File "C:\Users\Welcome\Desktop\New TriaNXT\Engine\.venv\Lib\site-packages\anyio\_backends\_asyncio.py", line 2706, in run_sync_in_worker_thread
    return await future
           ^^^^^^^^^^^^
  File "C:\Users\Welcome\Desktop\New TriaNXT\Engine\.venv\Lib\site-packages\anyio\_backends\_asyncio.py", line 1100, in run
    result = context.run(func, *args)
  File "C:\Users\Welcome\Desktop\New TriaNXT\Engine\tria_engine\apps\ctms\router_signature.py", line 236, in create_signature_request
    return guarded(_create)
  File "C:\Users\Welcome\Desktop\New TriaNXT\Engine\tria_engine\apps\ctms\common.py", line 355, in guarded
    return ok_response(fn())
                       ~~^^
  File "C:\Users\Welcome\Desktop\New TriaNXT\Engine\tria_engine\apps\ctms\router_signature.py", line 209, in _create
    db.flush()
    ~~~~~~~~^^
  File "C:\Users\Welcome\Desktop\New TriaNXT\Engine\.venv\Lib\site-packages\sqlalchemy\orm\session.py", line 4353, in flush
    self._flush(objects)
    ~~~~~~~~~~~^^^^^^^^^
  File "C:\Users\Welcome\Desktop\New TriaNXT\Engine\.venv\Lib\site-packages\sqlalchemy\orm\session.py", line 4488, in _flush
    with util.safe_reraise():
         ~~~~~~~~~~~~~~~~~^^
  File "C:\Users\Welcome\Desktop\New TriaNXT\Engine\.venv\Lib\site-packages\sqlalchemy\util\langhelpers.py", line 122, in __exit__
    raise exc_value.with_traceback(exc_tb)
  File "C:\Users\Welcome\Desktop\New TriaNXT\Engine\.venv\Lib\site-packages\sqlalchemy\orm\session.py", line 4449, in _flush
    flush_context.execute()
    ~~~~~~~~~~~~~~~~~~~~~^^
  File "C:\Users\Welcome\Desktop\New TriaNXT\Engine\.venv\Lib\site-packages\sqlalchemy\orm\unitofwork.py", line 465, in execute
    rec.execute(self)
    ~~~~~~~~~~~^^^^^^
  File "C:\Users\Welcome\Desktop\New TriaNXT\Engine\.venv\Lib\site-packages\sqlalchemy\orm\unitofwork.py", line 641, in execute
    util.preloaded.orm_persistence.save_obj(
    ~~~~~~~~~~~~~~~~~~~~~~~~~~~~~~~~~~~~~~~^
        self.mapper,
        ^^^^^^^^^^^^
        uow.states_for_mapper_hierarchy(self.mapper, False, False),
        ^^^^^^^^^^^^^^^^^^^^^^^^^^^^^^^^^^^^^^^^^^^^^^^^^^^^^^^^^^^
        uow,
        ^^^^
    )
    ^
  File "C:\Users\Welcome\Desktop\New TriaNXT\Engine\.venv\Lib\site-packages\sqlalchemy\orm\persistence.py", line 94, in save_obj
    _emit_insert_statements(
    ~~~~~~~~~~~~~~~~~~~~~~~^
        base_mapper,
        ^^^^^^^^^^^^
    ...<3 lines>...
        insert,
        ^^^^^^^
    )
    ^
  File "C:\Users\Welcome\Desktop\New TriaNXT\Engine\.venv\Lib\site-packages\sqlalchemy\orm\persistence.py", line 1234, in _emit_insert_statements
    result = connection.execute(
        statement,
        params,
        execution_options=execution_options,
    )
  File "C:\Users\Welcome\Desktop\New TriaNXT\Engine\.venv\Lib\site-packages\sqlalchemy\engine\base.py", line 1421, in execute
    return meth(
        self,
        distilled_parameters,
        execution_options or NO_OPTIONS,
    )
  File "C:\Users\Welcome\Desktop\New TriaNXT\Engine\.venv\Lib\site-packages\sqlalchemy\sql\elements.py", line 526, in _execute_on_connection
    return connection._execute_clauseelement(
           ~~~~~~~~~~~~~~~~~~~~~~~~~~~~~~~~~^
        self, distilled_params, execution_options
        ^^^^^^^^^^^^^^^^^^^^^^^^^^^^^^^^^^^^^^^^^
    )
    ^
  File "C:\Users\Welcome\Desktop\New TriaNXT\Engine\.venv\Lib\site-packages\sqlalchemy\engine\base.py", line 1643, in _execute_clauseelement
    ret = self._execute_context(
        dialect,
    ...<8 lines>...
        cache_hit=cache_hit,
    )
  File "C:\Users\Welcome\Desktop\New TriaNXT\Engine\.venv\Lib\site-packages\sqlalchemy\engine\base.py", line 1848, in _execute_context
    return self._exec_single_context(
           ~~~~~~~~~~~~~~~~~~~~~~~~~^
        dialect, context, statement, parameters
        ^^^^^^^^^^^^^^^^^^^^^^^^^^^^^^^^^^^^^^^
    )
    ^
  File "C:\Users\Welcome\Desktop\New TriaNXT\Engine\.venv\Lib\site-packages\sqlalchemy\engine\base.py", line 1988, in _exec_single_context
    self._handle_dbapi_exception(
    ~~~~~~~~~~~~~~~~~~~~~~~~~~~~^
        e, str_statement, effective_parameters, cursor, context
        ^^^^^^^^^^^^^^^^^^^^^^^^^^^^^^^^^^^^^^^^^^^^^^^^^^^^^^^
    )
    ^
  File "C:\Users\Welcome\Desktop\New TriaNXT\Engine\.venv\Lib\site-packages\sqlalchemy\engine\base.py", line 2365, in _handle_dbapi_exception
    raise sqlalchemy_exception.with_traceback(exc_info[2]) from e
  File "C:\Users\Welcome\Desktop\New TriaNXT\Engine\.venv\Lib\site-packages\sqlalchemy\engine\base.py", line 1969, in _exec_single_context
    self.dialect.do_execute(
    ~~~~~~~~~~~~~~~~~~~~~~~^
        cursor, str_statement, effective_parameters, context
        ^^^^^^^^^^^^^^^^^^^^^^^^^^^^^^^^^^^^^^^^^^^^^^^^^^^^
    )
    ^
  File "C:\Users\Welcome\Desktop\New TriaNXT\Engine\.venv\Lib\site-packages\sqlalchemy\engine\default.py", line 952, in do_execute
    cursor.execute(statement, parameters)
    ~~~~~~~~~~~~~~^^^^^^^^^^^^^^^^^^^^^^^
sqlalchemy.exc.IntegrityError: (psycopg2.errors.ForeignKeyViolation) insert or update on table "ctms_signature_requests" violates foreign key constraint "ctms_signature_requests_document_id_fkey"
DETAIL:  Key (document_id)=(9999) is not present in table "ctms_documents".

[SQL: INSERT INTO ctms_signature_requests (document_id, study_id, requested_by, title, status, sent_at, expires_at, completed_at, created_at) VALUES (%(document_id)s, %(study_id)s, %(requested_by)s, %(title)s, %(status)s, %(sent_at)s, %(expires_at)s, %(completed_at)s, %(created_at)s) RETURNING ctms_signature_requests.request_id]
[parameters: {'document_id': 9999, 'study_id': None, 'requested_by': 1, 'title': 'Bad', 'status': 'DRAFT', 'sent_at': None, 'expires_at': None, 'completed_at': None, 'created_at': datetime.datetime(2026, 9, 8, 7, 47, 35, 286289)}]
(Background on this error at: https://sqlalche.me/e/20/gkpj)
